// Jest Snapshot v1, https://goo.gl/fbAQLP

exports[`<Container /> should render container correctly 1`] = `
.c0 {
  max-width: 130rem;
  margin: 0 auto;
  display: -webkit-box;
  display: -webkit-flex;
  display: -ms-flexbox;
  display: flex;
  -webkit-align-items: center;
  -webkit-box-align: center;
  -ms-flex-align: center;
  align-items: center;
  -webkit-box-pack: center;
  -webkit-justify-content: center;
  -ms-flex-pack: center;
  justify-content: center;
}

<div
  class="c0"
>
  <h2>
    Hello
  </h2>
</div>
`;
