// Jest Snapshot v1, https://goo.gl/fbAQLP

exports[`<Button /> should render button correctly 1`] = `
.c0 {
  height: 3.2rem;
  border-radius: 1.6rem;
  background: #3D485F;
  color: #FFFFFF;
  font-family: Inter,-apple-system,BlinkMacSystemFont,'Segoe UI',Roboto,Oxygen,Ubuntu,Cantarell,'Open Sans','Helvetica Neue',sans-serif;
  font-size: 1.4rem;
  font-weight: 500;
  line-height: 180%;
  -webkit-letter-spacing: -0.02em;
  -moz-letter-spacing: -0.02em;
  -ms-letter-spacing: -0.02em;
  letter-spacing: -0.02em;
  border: 0;
}

.c0:hover {
  cursor: pointer;
}

<button
  class="c0"
>
  click here
</button>
`;
