// Jest Snapshot v1, https://goo.gl/fbAQLP

exports[`<Image /> should render image correctly 1`] = `
.c0 {
  display: -webkit-box;
  display: -webkit-flex;
  display: -ms-flexbox;
  display: flex;
  -webkit-align-items: center;
  -webkit-box-align: center;
  -ms-flex-align: center;
  align-items: center;
  -webkit-box-pack: center;
  -webkit-justify-content: center;
  -ms-flex-pack: center;
  justify-content: center;
  background: #C3CBD5;
  border-radius: 50%;
  width: 11.4rem;
  height: 11.4rem;
  overflow: hidden;
}

.c1 {
  width: 22.8rem;
  height: 22.8rem;
  -webkit-transform: scale(1);
  -ms-transform: scale(1);
  transform: scale(1);
  object-fit: cover;
}

<div
  class="c0"
>
  <img
    alt="some image"
    class="c1"
    src="image.png"
  />
</div>
`;
